// Jest Snapshot v1, https://goo.gl/fbAQLP

exports[`<Button /> To match snapshot 1`] = `ReactWrapper {}`;
